// Vitest Snapshot v1, https://vitest.dev/guide/snapshot.html

exports[`renders correctly 1`] = `
[
  "Clicked this many times 0",
  <button
    id="increment-button"
    onClick={[Function]}
    type="button"
  >
    Increment
  </button>,
  <button
    id="decrement-button"
    onClick={[Function]}
    type="button"
  >
    Decrement
  </button>,
]
`;
